[2026-06-04T22:35:54.780Z] ADDED: Catawiki | Senior Product Manager - Shipping | Portugal | https://relocate.me/portugal/lisbon/catawiki/senior-product-manager-shipping-10229
[2026-06-04T22:35:54.780Z] ADDED: Catawiki | Senior Backend Software Engineer | Portugal | https://relocate.me/portugal/lisbon/catawiki/senior-backend-software-engineer-9677
[2026-06-04T22:35:54.780Z] ADDED: Catawiki | Security Engineer | Netherlands | https://relocate.me/netherlands/amsterdam/catawiki/security-engineer-10249
[2026-06-04T22:35:54.780Z] ADDED: Catawiki | QA Automation Engineer | Portugal | https://relocate.me/portugal/lisbon/catawiki/qa-automation-engineer-10215
[2026-06-04T22:35:54.780Z] ADDED: Catawiki | Senior Software Engineer – Developer Experience (Platform) | Portugal | https://relocate.me/portugal/lisbon/catawiki/senior-software-engineer-developer-experience-platform-10254
[2026-06-04T22:35:54.780Z] ADDED: PayPay Card | Senior Frontend Engineer | Japan | https://relocate.me/japan/tokyo/paypay-card/senior-frontend-engineer-10263
[2026-06-04T22:35:54.780Z] ADDED: HENNGE | Senior Frontend Engineer | Japan | https://relocate.me/japan/tokyo/hennge/senior-frontend-engineer-10264
[2026-06-04T22:35:54.780Z] ADDED: PayPay | Principal Software Engineer | Japan | https://relocate.me/japan/tokyo/paypay/principal-software-engineer-9445
[2026-06-05T10:49:00.413Z] ADDED: ainavio GmbH | Senior Product Owner / Product Manager - AI / SaaS (m/f/d) | Cologne | https://www.arbeitnow.com/jobs/companies/ainavio-gmbh/senior-product-owner-product-manager-ai-saas-cologne-154881
[2026-06-05T10:49:00.413Z] ADDED: Optiver | Head | Amsterdam,  
               Noordholland,  
               Netherlands | https://visasponsor.jobs/api/jobs/a00ac7a947f648b4870ec28a31b8e800/Head
[2026-06-05T10:49:00.456Z] ADDED: Revolut | Senior Backend Engineer - Distributed Systems | London, 🇬🇧 | https://jobs.revolut.com/departments/engineering/senior-backend-engineer-distributed-systems
[2026-06-05T10:49:00.456Z] ADDED: Spotify | Staff Machine Learning Engineer - Recommendation Systems | Stockholm, 🇸🇪 | https://spotify.wd1.myworkdayjobs.com/External/job/Stockholm/Staff-Machine-Learning-Engineer--Recommendation-Systems_JOBID
[2026-06-05T10:49:00.456Z] ADDED: N26 | Frontend Engineer - Web Platform | Berlin, 🇩🇪 | https://n26.com/en-eu/careers/jobs/frontend-engineer-web-platform
[2026-06-05T10:49:00.456Z] ADDED: Adyen | Senior DevOps Engineer - Cloud Infrastructure | Amsterdam, 🇳🇱 | https://www.adyen.com/careers/job/senior-devops-engineer-cloud-infrastructure
[2026-06-05T10:49:00.456Z] ADDED: Booking.com | Staff iOS Engineer - Core Experience | Amsterdam, 🇳🇱 | https://careers.booking.com/jobs/staff-ios-engineer-core-experience-12345
[2026-06-05T10:49:00.456Z] ADDED: Wise | Data Analyst - Product Analytics | Tallinn, 🇪🇪 | https://wise.com/careers/job-openings/data-analyst-product-analytics
[2026-06-05T10:49:00.456Z] ADDED: Zalando | Senior QA Automation Engineer - E-commerce Platform | Berlin, 🇩🇪 | https://jobs.zalando.com/tech/jobs/senior-qa-automation-engineer-e-commerce-platform-123
[2026-06-05T10:49:00.456Z] ADDED: Monzo | Android Engineer - New Features | London, 🇬🇧 | https://monzo.com/careers/jobs/android-engineer-new-features
[2026-06-06T09:27:13.236Z] ADDED: ainavio GmbH | Senior Product Owner / Manager - AI / SaaS - native German(m/f/d) | Kamp-Lintfort | https://www.arbeitnow.com/jobs/companies/ainavio-gmbh/senior-product-owner-product-manager-ai-saas-kamp-lintfort-330033
[2026-06-06T09:27:13.236Z] ADDED: ainavio GmbH | Senior Product Owner / Manager - AI / SaaS - native German (m/f/d) | Berlin | https://www.arbeitnow.com/jobs/companies/ainavio-gmbh/senior-product-owner-product-manager-ai-saas-berlin-19854
[2026-06-06T09:27:13.280Z] ADDED: Spotify | Senior Frontend Engineer - Web Player | Stockholm, Sweden 🇸🇪 | https://www.spotifyjobs.com/jobs/senior-frontend-engineer-web-player
[2026-06-06T09:27:13.280Z] ADDED: DeepMind | Staff Machine Learning Engineer - Reinforcement Learning | London, UK 🇬🇧 | https://deepmind.google/careers/
[2026-06-06T09:27:13.280Z] ADDED: N26 | Senior Backend Engineer - Core Banking | Berlin, Germany 🇩🇪 | https://n26.com/en-eu/careers/
[2026-06-06T09:27:13.280Z] ADDED: Adyen | Staff Software Engineer - Payments Infrastructure | Amsterdam, Netherlands 🇳🇱 | https://www.adyen.com/careers/jobs
[2026-06-06T09:27:13.280Z] ADDED: Revolut | Senior Data Engineer - Financial Crime | Vilnius, Lithuania 🇱🇹 | https://www.revolut.com/careers/
[2026-06-06T09:27:13.280Z] ADDED: Booking.com | Senior QA Engineer - Accommodation Search | Manchester, UK 🇬🇧 | https://careers.booking.com/
[2026-06-07T17:55:06.963Z] ADDED: WSP | Chinese Speaking Graduate Role (With Visa Sponsor) | United Kingdom | https://visasponsor.jobs/api/jobs/2c81d6975e5e4fdea03e89690c248537/Chinese-Speaking-Graduate-Role-(With-Visa-Sponsor)
[2026-06-07T17:55:07.008Z] ADDED: N26 | Staff Android Engineer - Mobile Banking | Berlin, Germany 🇩🇪 | https://n26.careers/jobs/staff-android-engineer-mobile-banking
[2026-06-07T17:55:07.008Z] ADDED: Wise | Mid-level Full Stack Engineer - Transfers | London, UK 🇬🇧 | https://wise.com/careers/job-details/full-stack-engineer-transfers
[2026-06-07T17:55:07.008Z] ADDED: Zalando | Senior Machine Learning Engineer - Personalization | Dublin, Ireland 🇮🇪 | https://jobs.zalando.com/tech/jobs/senior-machine-learning-engineer-personalization
[2026-06-07T17:55:07.008Z] ADDED: Stripe | Staff Site Reliability Engineer (SRE) - Core Platform | Dublin, Ireland 🇮🇪 | https://stripe.com/jobs/listing/staff-site-reliability-engineer-core-platform
[2026-06-07T17:55:07.008Z] ADDED: Spotify | Mid-level Backend Engineer - Creator Tools | Stockholm, Sweden 🇸🇪 | https://jobs.spotify.com/jobs/backend-engineer-creator-tools
[2026-06-07T17:55:07.008Z] ADDED: Datadog | Senior Product Manager - Observability Platform | Paris, France 🇫🇷 | https://careers.datadoghq.com/jobs/senior-product-manager-observability-platform
[2026-06-07T17:55:07.008Z] ADDED: Adyen | Mid-level Frontend Engineer - Merchant Portal | Amsterdam, Netherlands 🇳🇱 | https://adyen.careers/jobs/frontend-engineer-merchant-portal
[2026-06-07T17:55:07.008Z] ADDED: Booking.com | Staff Data Scientist - Pricing & Revenue | Amsterdam, Netherlands 🇳🇱 | https://careers.booking.com/jobs/staff-data-scientist-pricing-revenue
[2026-06-07T17:55:07.008Z] ADDED: Revolut | Senior QA Automation Engineer - Trading Platform | Vilnius, Lithuania 🇱🇹 | https://jobs.revolut.com/roles/senior-qa-automation-engineer-trading-platform
[2026-06-13T09:56:51.231Z] ADDED: BAH Partners | C++ Developers – Top-Tier Buyside Trading Firms (Open to Non-Finance | Visa Sponsorship Available) | Singapore | https://visasponsor.jobs/api/jobs/57bdd4d3920041ef8b581b80acab5498/C++-Developers-–-Top-Tier-Buyside-Trading-Firms-(Open-to-Non-Finance-Visa-Sponsorship-Available)
[2026-06-15T13:16:05.592Z] ADDED: Juniper Aged Care | Registered Nurse (Visa Sponsorship Available) - Kimberley Region | Broome,  
               Western australia,  
               Australia | https://visasponsor.jobs/api/jobs/9d93a6166d534b33b2522cc760223f36/Registered-Nurse-(Visa-Sponsorship-Available)-Kimberley-Region
[2026-06-16T12:12:59.386Z] ADDED: N26 | Strategy &amp; Operations Manager - Acquire | Berlin,  
               Germany | https://visasponsor.jobs/api/jobs/bed1b51e6b7740f8be922806b80fd9d4/Strategy-&amp;-Operations-Manager-Acquire
[2026-06-16T12:12:59.386Z] ADDED: N26 | Senior Site Reliability Engineer - Software Logistics | Berlin,  
               Germany | https://visasponsor.jobs/api/jobs/14ef5250220e4463be5cec0213416e2e/Senior-Site-Reliability-Engineer-Software-Logistics
[2026-06-17T11:49:24.445Z] ADDED: Greenstaff Medical US International | Physical Therapist (PT) - TN Visa &amp; Green Card Sponsorship Available | Canada | https://visasponsor.jobs/api/jobs/4b79190fec3c49c4bf2537a7810c0eb5/Physical-Therapist-(PT)-TN-Visa-&amp;-Green-Card-Sponsorship-Available
[2026-06-17T20:51:34.071Z] ADDED: PayPay Card | Platform Engineer | Japan | https://relocate.me/japan/tokyo/paypay-card/platform-engineer-10181
[2026-06-17T20:51:34.071Z] ADDED: Marble | Co-Founder, CTO (Construction Robotics) | Noordholland,  
               Netherlands | https://visasponsor.jobs/api/jobs/898d38248ed4452282afc4dc497f5619/Co-Founder-CTO-(Construction-Robotics)
[2026-06-17T20:51:34.071Z] ADDED: Workforce Australia | SOUS CHEF - THE WHARF | VISA SPONSORSHIP AVAILABLE | Sydney,  
               New south wales,  
               Australia | https://visasponsor.jobs/api/jobs/8e8f3755037a4f0cba8f4230f65a79c3/SOUS-CHEF-THE-WHARF-VISA-SPONSORSHIP-AVAILABLE
[2026-06-17T20:51:34.071Z] ADDED: Murrumbidgee Local Health District | Youth Mental Health Clinician | Charles sturt university,  
               New south wales,  
               Australia | https://visasponsor.jobs/api/jobs/7609966e09794193ad349aa272e6d1b5/Youth-Mental-Health-Clinician
[2026-06-18T12:10:29.862Z] ADDED: SumUp | Senior Analytics Engineer - Risk Analytics | Berlin, Germany | https://www.arbeitnow.com/jobs/companies/sumup/senior-analytics-engineer-risk-analytics-berlin-301309
[2026-06-18T12:10:29.862Z] ADDED: PayPay | Automation QA Engineer | Japan | https://relocate.me/japan/tokyo/paypay/automation-qa-engineer-10105
[2026-06-18T12:10:29.862Z] ADDED: Picnic | Software Engineer - Consumer Products | Netherlands | https://relocate.me/netherlands/amsterdam/picnic/software-engineer-consumer-products-10256
[2026-06-18T12:10:29.862Z] ADDED: Multiverse Computing | Senior MLOps Engineer (Training & Inference Optimization) | Spain | https://relocate.me/spain/san-sebastian/multiverse-computing/senior-mlops-engineer-training-inference-optimization-10243
[2026-06-19T12:25:09.696Z] ADDED: Welltech | Head of Product, Payments | Cyprus | https://relocate.me/cyprus/limassol/welltech/head-of-product-payments-10266
[2026-06-19T12:25:09.696Z] ADDED: Hevy | Lead React Native Engineer | Spain | https://relocate.me/spain/barcelona/hevy/lead-react-native-engineer-10255
[2026-06-19T12:25:09.696Z] ADDED: PayPay | Backend Engineer | Japan | https://relocate.me/japan/tokyo/paypay/backend-engineer-10205
[2026-06-19T12:25:09.696Z] ADDED: N26 | Team Lead Risk - ICAAP / ILAAP (Pillar 1) | Berlin,  
               Germany | https://visasponsor.jobs/api/jobs/68c9be1341234dd1a9606ff12549caee/Team-Lead-Risk-ICAAP-ILAAP-(Pillar-1)
[2026-06-19T12:25:09.696Z] ADDED: N26 | Information Security Controls Manager - Cloud &amp; AI Governance | Berlin,  
               Germany | https://visasponsor.jobs/api/jobs/46389234377e4e13bb3b556c8217ed7c/Information-Security-Controls-Manager-Cloud-&amp;-AI-Governance
[2026-06-21T11:30:11.301Z] ADDED: Halter | Software Engineering Manager | New Zealand | https://relocate.me/new-zealand/auckland/halter/software-engineering-manager-10239
[2026-06-21T11:30:11.301Z] ADDED: Welltech | Staff Security Engineer | Cyprus | https://relocate.me/cyprus/limassol/welltech/staff-security-engineer-10265
[2026-06-21T11:30:11.301Z] ADDED: N26 | ESG Analyst | Berlin,  
               Germany | https://visasponsor.jobs/api/jobs/4bc6a04053ae4a06b4c596a6ad2be3b3/ESG-Analyst
[2026-06-22T13:48:37.378Z] ADDED: Medical Jobs Australia | Cardiac Cath Lab Nurses - Permanent Role QLD - Sponsorship Available! | Launceston,  
               Tasmania,  
               Australia | https://visasponsor.jobs/api/jobs/53047c9129354ebb9daa26caaaeef0db/Cardiac-Cath-Lab-Nurses-Permanent-Role-QLD-Sponsorship-Available!
[2026-06-23T11:35:28.094Z] ADDED: PayPay | Senior Product Manager | Japan | https://relocate.me/japan/tokyo/paypay/senior-product-manager-10236
[2026-06-23T11:35:28.094Z] ADDED: Catawiki | Engineering Manager - Shipping | Portugal | https://relocate.me/portugal/lisbon/catawiki/engineering-manager-shipping-10269
[2026-06-24T11:21:17.525Z] ADDED: PayPay Card | Backend Engineer | Japan | https://relocate.me/japan/tokyo/paypay-card/backend-engineer-10180
[2026-06-26T11:20:29.050Z] ADDED: SumUp | Mid Data Analyst - Finance | Berlin, Berlin, Germany | https://www.arbeitnow.com/jobs/companies/sumup/mid-data-analyst-finance-berlin-462914
[2026-06-27T10:25:32.157Z] ADDED: SumUp | Senior Backend Engineer - Golang | Berlin, Berlin, Germany | https://www.arbeitnow.com/jobs/companies/sumup/senior-backend-engineer-golang-berlin-101948
[2026-06-27T10:25:32.157Z] ADDED: Multiverse Computing | Research AI Director | Spain | https://relocate.me/spain/san-sebastian/multiverse-computing/research-ai-director-10268
[2026-06-27T10:25:32.157Z] ADDED: Revolut | Internship Programme 2027: Information Security Engineer (Appsec) | Porto,  
               Porto,  
               Portugal | https://visasponsor.jobs/api/jobs/fae41eb5d32749aa990109efa16b629f/Internship-Programme-2027:-Information-Security-Engineer-(Appsec)
[2026-06-28T10:52:53.493Z] ADDED: N26 | Site Reliability Engineer - Access Team | Berlin,  
               Germany | https://visasponsor.jobs/api/jobs/b8f0d78746d04d8ca1a28594e891013b/Site-Reliability-Engineer-Access-Team
[2026-06-28T10:52:53.493Z] ADDED: N26 | Regulatory Operations Analyst | Berlin,  
               Germany | https://visasponsor.jobs/api/jobs/560c0df1fcd24383afedc4f54449220b/Regulatory-Operations-Analyst
[2026-06-29T12:56:43.156Z] ADDED: Halter | Senior Engineer - Go-to-Market | New Zealand | https://relocate.me/new-zealand/auckland/halter/senior-engineer-go-to-market-10267
[2026-06-29T12:56:43.156Z] ADDED: Revolut | Internship Programme 2027: Information Security Engineer (Operations) | Porto,  
               Porto,  
               Portugal | https://visasponsor.jobs/api/jobs/b6cb09a3d9b3438db4c0391a0c0513db/Internship-Programme-2027:-Information-Security-Engineer-(Operations)
[2026-06-29T12:56:43.156Z] ADDED: N26 | Senior Product Manager - Payment Processing &amp; Settlement | Berlin,  
               Germany | https://visasponsor.jobs/api/jobs/f9785614076c4b0bb5b6e88521d9a2df/Senior-Product-Manager-Payment-Processing-&amp;-Settlement
[2026-06-30T11:27:14.246Z] ADDED: Intelligent Health Care Australia | Full-Time Podiatrist - Sponsorship available | Port macquarie,  
               New south wales,  
               Australia | https://visasponsor.jobs/api/jobs/14b8d7c3b0364145aed34b70d1341253/Full-Time-Podiatrist-Sponsorship-available
[2026-07-02T11:06:37.419Z] ADDED: SumUp | Talent Acquisition Partner | Berlin, Berlin, Germany | https://www.arbeitnow.com/jobs/companies/sumup/talent-acquisition-partner-berlin-49251
[2026-07-02T11:06:37.419Z] ADDED: The Global Move | 1000+ Curated Visa Sponsorship and Remote Tech Jobs (Paid Option) | Remote | https://relocate.me/remote/remote/the-global-move/1000-curated-visa-sponsorship-and-remote-tech-jobs-paid-option-10080
[2026-07-03T11:01:03.617Z] ADDED: Optiver | Senior End User Computing - Virtual Desktop Engineer (EUC - VDI) | Sydney,  
               New south wales,  
               Australia | https://visasponsor.jobs/api/jobs/50f1f7a2f40a4a659756709b31152445/Senior-End-User-Computing-Virtual-Desktop-Engineer-(EUC-VDI)
[2026-07-04T10:18:45.354Z] ADDED: Optiver | Global Mobility Manager | Amsterdam,  
               Noordholland,  
               Netherlands | https://visasponsor.jobs/api/jobs/0402ad8f4d3946d89f9cf1da796f821a/Global-Mobility-Manager
[2026-07-05T10:39:19.718Z] ADDED: C Teleport | Lead Software Engineer (Team Lead) - Billing Squad | Netherlands | https://relocate.me/netherlands/rotterdam/c-teleport/lead-software-engineer-team-lead-billing-squad-10270
[2026-07-05T10:39:19.718Z] ADDED: PayPay Card | Automation QA Engineer | Japan | https://relocate.me/japan/tokyo/paypay-card/automation-qa-engineer-10182
[2026-07-06T12:23:41.734Z] ADDED: Healthcarelink | Community-Based Occupational Therapist - Visa Sponsorship Available | Adelaide,  
               South australia,  
               Australia | https://visasponsor.jobs/api/jobs/b9393acf64ef45a0bbff26547ade8f11/Community-Based-Occupational-Therapist-Visa-Sponsorship-Available
[2026-07-07T11:23:32.333Z] ADDED: SumUp | Senior Machine Learning Engineer I | Berlin, Berlin, Germany | https://www.arbeitnow.com/jobs/companies/sumup/senior-machine-learning-engineer-i-berlin-493840
[2026-07-08T10:22:47.355Z] ADDED: Playson | System Administrator/Service Desk | Slovakia | https://relocate.me/slovakia/bratislava/playson/system-administrator-service-desk-10271
[2026-07-09T11:22:11.886Z] ADDED: N26 | Senior Manager Risk Controlling - ICAAP / ILAAP (Pillar 1) | Berlin,  
               Germany | https://visasponsor.jobs/api/jobs/9e3686772f2c4d84a936fb02ffe2c052/Senior-Manager-Risk-Controlling-ICAAP-ILAAP-(Pillar-1)
[2026-07-12T09:59:57.913Z] ADDED: University of the West Scotland | Lecturer | United Kingdom | https://visasponsor.jobs/api/jobs/9404809a7f1c49b9826841508c7b0c11/Lecturer
[2026-07-12T09:59:57.913Z] ADDED: Zalando | Financial Analyst (all genders) | Ansbach,  
               Bavaria,  
               Germany | https://visasponsor.jobs/api/jobs/4cf9358fecab43d8bd5a043b42f641b7/Financial-Analyst-(all-genders)
[2026-07-13T11:22:41.512Z] ADDED: Monzo | Remote Senior Backend Engineer | Salford,  
               England,  
               United Kingdom | https://visasponsor.jobs/api/jobs/1f424ca047354861a5049fd459cac0cf/Remote-Senior-Backend-Engineer
[2026-07-13T11:22:41.512Z] ADDED: Optiver | Category Manager | Amsterdam,  
               Noordholland,  
               Netherlands | https://visasponsor.jobs/api/jobs/8726d282e7a640ddb3ef917aceeca750/Category-Manager
[2026-07-13T11:22:41.512Z] ADDED: Workforce Australia | Mental Health Nursing jobs in SE Sydney (visa sponsorship available) | Sydney,  
               New south wales,  
               Australia | https://visasponsor.jobs/api/jobs/a4c0fc7f21ae4acd91f38d7c8ddc1948/Mental-Health-Nursing-jobs-in-SE-Sydney-(visa-sponsorship-available)
[2026-07-15T10:07:22.000Z] ADDED: SimScale GmbH | Principal Governance, Risk and Compliance (GRC) Architect | Munich | https://www.arbeitnow.com/jobs/companies/simscale-gmbh/principal-governance-risk-and-compliance-grc-architect-munich-313642
[2026-07-15T10:07:22.000Z] ADDED: Optiver | C# Software Engineer | Sydney,  
               New south wales,  
               Australia | https://visasponsor.jobs/api/jobs/24f623a5ab464621919b87d4fe72f570/C%23-Software-Engineer
[2026-07-16T09:26:49.650Z] ADDED: Picnic | Senior Software Engineer - Warehouse Systems | Netherlands | https://relocate.me/netherlands/amsterdam/picnic/senior-software-engineer-warehouse-systems-10262
[2026-07-16T09:26:49.650Z] ADDED: TheInnCollectionGroup3 | Head Chef - Live In | Wolverhampton,  
               England,  
               United Kingdom | https://visasponsor.jobs/api/jobs/8b9fce356ce04aab91bd5bf331a562b9/Head-Chef-Live-In
[2026-07-16T09:26:49.650Z] ADDED: Bright Leaf Recruitment | Small Animal night Vet hospital | Liverpool,  
               England,  
               United Kingdom | https://visasponsor.jobs/api/jobs/cb74cb5ac26e4b4d96d037bc9bca4618/Small-Animal-night-Vet-hospital
[2026-07-16T09:26:49.650Z] ADDED: Plaistow Business Consultants Ltd | Global Orthopedic Surgeon | London,  
               England,  
               United Kingdom | https://visasponsor.jobs/api/jobs/22f5a408356d4c11be9cecedf12e8b16/Global-Orthopedic-Surgeon
[2026-07-16T09:26:49.650Z] ADDED: ALG  Talent Specialists | Aircraft Painter | Singapore | https://visasponsor.jobs/api/jobs/b794c2cb97574a0ca3222b8b4465fb84/Aircraft-Painter
[2026-07-20T11:05:43.202Z] ADDED: Welltech | Head of Growth - Paid Social | Cyprus | https://relocate.me/cyprus/limassol/welltech/head-of-growth-paid-social-10274
[2026-07-21T09:35:40.892Z] ADDED: SumUp | Android Engineer - Engagement Mission | Berlin, Berlin, Germany | https://www.arbeitnow.com/jobs/companies/sumup/android-engineer-engagement-mission-berlin-49378
[2026-07-21T09:35:40.892Z] ADDED: Honeybee Hires | South Jordan, UT | Speech Language Pathologist (SLP) | Pediatric Clinic | South jordan,  
               Utah,  
               United States | https://visasponsor.jobs/api/jobs/ee11551cae494bf39ae496ad715197bc/South-Jordan-UT-Speech-Language-Pathologist-(SLP)-Pediatric-Clinic
[2026-07-21T09:35:40.892Z] ADDED: Nutritious Lifestyles | Registered Dietitian/LDN/RD2Be | Saint augustine,  
               Florida,  
               United States | https://visasponsor.jobs/api/jobs/e92ff4f0e08a4481b6f5a1388185cd32/Registered-Dietitian-LDN-RD2Be
[2026-07-21T09:35:40.892Z] ADDED: Ascension | Internal Medicine / Family Medicine Hospitalist | Oshkosh,  
               Wisconsin,  
               United States | https://visasponsor.jobs/api/jobs/75090e0eef984085aeefd95b9550e800/Internal-Medicine-Family-Medicine-Hospitalist
[2026-07-21T09:35:40.892Z] ADDED: Medical Staff Talent | Yacht Concierge Physician Elite VIP Patron | Coventry,  
               England,  
               United Kingdom | https://visasponsor.jobs/api/jobs/eb818cddacac4a48b741b6104763be73/Yacht-Concierge-Physician-Elite-VIP-Patron
[2026-07-21T09:35:40.892Z] ADDED: Medical Staff Talent | Voyage Doctor: Tax- Luxury Superyacht | Wolverhampton,  
               England,  
               United Kingdom | https://visasponsor.jobs/api/jobs/551667cec9174bf38a4dc28f0a755307/Voyage-Doctor:-Tax-Luxury-Superyacht
[2026-07-22T09:35:13.826Z] ADDED: Barchester Healthcare | Clinical Development Nurse | Hailey,  
               England,  
               United Kingdom | https://visasponsor.jobs/api/jobs/a8293b5e6ece4f8abc7c4b546f6e16fa/Clinical-Development-Nurse
[2026-07-22T09:35:13.826Z] ADDED: Bits | Commercial Finance Analyst – Fintech, Hybrid Impact | Wolverhampton,  
               England,  
               United Kingdom | https://visasponsor.jobs/api/jobs/cfb783cbc3804ccca042d3146e86acec/Commercial-Finance-Analyst-Fintech-Hybrid-Impact
[2026-07-22T09:35:13.826Z] ADDED: Product Pulse | Founding People &amp; Talent Lead | Germany | https://visasponsor.jobs/api/jobs/22f0dfe133ac47a292c291a20933f01b/Founding-People-&amp;-Talent-Lead
[2026-07-22T09:35:13.826Z] ADDED: Source Medical, LLC. | IT Cardiology Opening in Ashland, KY | Ashland,  
               Kentucky,  
               United States | https://visasponsor.jobs/api/jobs/b20daddf22fa4fecac35c03d274732e1/IT-Cardiology-Opening-in-Ashland-KY
[2026-07-22T09:35:13.826Z] ADDED: The Black Caucus of SRCD | Pediatric Emergency Medicine in Seattle | Seattle,  
               Washington,  
               United States | https://visasponsor.jobs/api/jobs/3151265238244d1fb9b9934f9ec87ce3/Pediatric-Emergency-Medicine-in-Seattle
[2026-07-22T09:35:13.826Z] ADDED: Kayes &amp; Associates | Associate Attorney (Part-Time to Full-Time) – Corporate, Business &amp; Immigration Law | Diamond bar,  
               California,  
               United States | https://visasponsor.jobs/api/jobs/5df862ab33944ddb9d1159e653e9058d/Associate-Attorney-(Part-Time-to-Full-Time)-Corporate-Business-&amp;-Immigration-Law
[2026-07-22T09:35:13.826Z] ADDED: Allina Health System | General Outpatient Neurologist | Saint paul,  
               Minnesota,  
               United States | https://visasponsor.jobs/api/jobs/5556c174a09e44868bc218bbc7e03116/General-Outpatient-Neurologist
[2026-07-23T09:32:14.275Z] ADDED: Costello Medical, Inc. | Project Coordinator - Evidence Development | Bristol,  
               England,  
               United Kingdom | https://visasponsor.jobs/api/jobs/908e778c670a44b68d740ffbf55005ff/Project-Coordinator-Evidence-Development
[2026-07-23T09:32:14.275Z] ADDED: George Migration | Head Chef | Tewantin,  
               Queensland,  
               Australia | https://visasponsor.jobs/api/jobs/7465a45b49eb447bb40bd92821a603a8/Head-Chef
[2026-07-23T09:32:14.275Z] ADDED: Raas Infotek | Business Intelligence Developer | Miami,  
               Florida,  
               United States | https://visasponsor.jobs/api/jobs/24d2433b2b7b4e0a9ca7010ea98e0402/Business-Intelligence-Developer
[2026-07-23T09:32:14.275Z] ADDED: Wave Group | Senior Data Scientist (Pricing) | London,  
               England,  
               United Kingdom | https://visasponsor.jobs/api/jobs/a6353653bff9483e8a9619286c4e0fa0/Senior-Data-Scientist-(Pricing)
[2026-07-23T09:32:14.275Z] ADDED: Transformationunitgm | Educational Prog. Dir. Pharmacist Foundation Trainee Pharmacists | Oxford,  
               England,  
               United Kingdom | https://visasponsor.jobs/api/jobs/af8bf9a48e994136b4018b095f0f21aa/Educational-Prog-Dir-Pharmacist-Foundation-Trainee-Pharmacists
[2026-07-23T09:32:14.275Z] ADDED: Albertsons | Float Pharmacist | Denton,  
               Texas,  
               United States | https://visasponsor.jobs/api/jobs/90947428141748eeafad9207e3ee75b3/Float-Pharmacist
[2026-07-23T09:32:14.275Z] ADDED: Suntek Corporations Inc | Internal Medicine Physician - Outpatient | Great falls,  
               Montana,  
               United States | https://visasponsor.jobs/api/jobs/6ea83ae15258462d9256d3bf4263f3de/Internal-Medicine-Physician-Outpatient
[2026-07-23T09:32:14.276Z] ADDED: QUANTUM TECHNOLOGIES LLC | SR GEN AI Engineer | Dallas,  
               Texas,  
               United States | https://visasponsor.jobs/api/jobs/d55848e7f480409386fcbf893c275270/SR-GEN-AI-Engineer
[2026-07-23T09:32:14.276Z] ADDED: iPeople Infosystems LLC | Kafka Developer | New york,  
               New york,  
               United States | https://visasponsor.jobs/api/jobs/e51cb1fd15c44faea222491af01e96bc/Kafka-Developer
[2026-07-23T09:32:14.276Z] ADDED: JobExpress.ai AI职达 | 财务与合规助理 | London,  
               England,  
               United Kingdom | https://visasponsor.jobs/api/jobs/d0fd983de9a14011918b9c6bda13605d/%E8%B4%A2%E5%8A%A1%E4%B8%8E%E5%90%88%E8%A7%84%E5%8A%A9%E7%90%86
[2026-07-24T09:47:55.019Z] ADDED: University of Washington | Open Rank without tenure (WOT) - Vascular Neurologist (Neurology) | Seattle,  
               Washington,  
               United States | https://visasponsor.jobs/api/jobs/60ae58e3d0114d9a85603e21a30bd3be/Open-Rank-without-tenure-(WOT)-Vascular-Neurologist-(Neurology)
[2026-07-24T09:47:55.019Z] ADDED: University of Washington | Associate Division Head for Clinical Affairs (Associate or full Professor WOT) | Seattle,  
               Washington,  
               United States | https://visasponsor.jobs/api/jobs/adc0bdacf6244699b7f027ed26c49663/Associate-Division-Head-for-Clinical-Affairs-(Associate-or-full-Professor-WOT)
[2026-07-24T09:47:55.019Z] ADDED: Starmerx International | Senior Warehouse Manager - Chicago - Mandarin Required | Chicago,  
               Illinois,  
               United States | https://visasponsor.jobs/api/jobs/961956b5fb98490ab4eb4c5c73efd8e6/Senior-Warehouse-Manager-Chicago-Mandarin-Required
[2026-07-24T09:47:55.019Z] ADDED: Medical Staff Talent | Luxury Yacht Physician: Tax Mediterranean | Manchester,  
               England,  
               United Kingdom | https://visasponsor.jobs/api/jobs/8f8722fe7cc54b1cacb96aa75b021c0a/Luxury-Yacht-Physician:-Tax-Mediterranean
[2026-07-24T09:47:55.019Z] ADDED: CCS Group (AU) Pty Ltd | Experienced Diamond Drilling &amp; Sawing Operative RELOCATION TO PERTH, WA | Perth,  
               Western australia,  
               Australia | https://visasponsor.jobs/api/jobs/e17c9a3858ea473b83e01ee049580b49/Experienced-Diamond-Drilling-&amp;-Sawing-Operative-RELOCATION-TO-PERTH-WA
[2026-07-25T09:28:11.041Z] ADDED: Richard Yu | Client Success Coach (CSM) | Remote | https://relocate.me/remote/remote/richard-yu/client-success-coach-csm-10272
[2026-07-25T09:28:11.041Z] ADDED: Numotion | Clinic Liaison | Yadkinville,  
               North carolina,  
               United States | https://visasponsor.jobs/api/jobs/7302e689314a464a9bac8bc7e21d0921/Clinic-Liaison
[2026-07-25T09:28:11.041Z] ADDED: Barchester Healthcare | Deputy General Manager Clinical | Llanelli,  
               Wales,  
               United Kingdom | https://visasponsor.jobs/api/jobs/b4a6a6f12a484183a915ed5e486d46b1/Deputy-General-Manager-Clinical
[2026-07-25T09:28:11.041Z] ADDED: HQ Migration Solutions | Panel Beaters | Mornington,  
               Victoria,  
               Australia | https://visasponsor.jobs/api/jobs/bbd5cfc227b14047a5aa2a54e2b87e12/Panel-Beaters
[2026-07-25T09:28:11.041Z] ADDED: LEONGATHA HEALTH PTY LTD | Full Time Pharmacist | Leongatha,  
               Victoria,  
               Australia | https://visasponsor.jobs/api/jobs/76fb8b1a6ef64f76ab8f67f552774854/Full-Time-Pharmacist
[2026-07-25T09:28:11.041Z] ADDED: Onemedical Group | Lead GP: Primary Care Leadership &amp; Service Innovation | Derby,  
               England,  
               United Kingdom | https://visasponsor.jobs/api/jobs/bd328713aca44d64a5b8e09d6409fee7/Lead-GP:-Primary-Care-Leadership-&amp;-Service-Innovation
[2026-07-25T09:28:11.041Z] ADDED: JustPlay | Lead UX/UI Designer (all genders) | Berlin,  
               Germany | https://visasponsor.jobs/api/jobs/17008de90dae4e9c8b32d66a943101dc/Lead-UX-UI-Designer-(all-genders)
[2026-07-25T09:28:11.041Z] ADDED: METANLYTICS LLC | SAP QM (Quality Management) Lead Consultant | Tulsa,  
               Oklahoma,  
               United States | https://visasponsor.jobs/api/jobs/2810581a6b264aeb9bfe06e483dc99ea/SAP-QM-(Quality-Management)-Lead-Consultant
[2026-07-25T09:28:11.041Z] ADDED: Tech Tandem Inc | AI Product Owner with P&amp;C insurance experience | Warren,  
               New jersey,  
               United States | https://visasponsor.jobs/api/jobs/ecb00fee50e74a2d9981ab86f9989a27/AI-Product-Owner-with-P&amp;C-insurance-experience
[2026-07-25T09:28:11.041Z] ADDED: Optiver | HR Business Partner | Amsterdam,  
               Noordholland,  
               Netherlands | https://visasponsor.jobs/api/jobs/fa1951726dbe4ef9bb3d9916f67ad316/HR-Business-Partner
[2026-07-25T09:28:11.041Z] ADDED: Sails Restaurant | Seasonal Restaurant Manager | Naples,  
               Florida,  
               United States | https://visasponsor.jobs/api/jobs/6dc70ef84be34724a007bf1c97a55b54/Seasonal-Restaurant-Manager
[2026-07-26T09:38:15.418Z] ADDED: American Society of Neuroradiology | Interventional Radiologist – Austin, TX | Top-Tier Practice | Work-Life Balance + Growth | Austin,  
               Texas,  
               United States | https://visasponsor.jobs/api/jobs/291d21704b674340af2c3707cde18425/Interventional-Radiologist-Austin-TX-Top-Tier-Practice-Work-Life-Balance-+-Growth
[2026-07-26T09:38:15.418Z] ADDED: Civil Science | Civil Engineer - Public Works (PE) | Salt lake city,  
               Utah,  
               United States | https://visasponsor.jobs/api/jobs/1996d930a01b41c5b1a91e6b78b5bbbe/Civil-Engineer-Public-Works-(PE)
[2026-07-26T09:38:15.418Z] ADDED: Rehab Alliance | Certified Occupational Therapy Assistant - Per Diem | Oakland,  
               California,  
               United States | https://visasponsor.jobs/api/jobs/5b52ea07808841088329db35e32c9d80/Certified-Occupational-Therapy-Assistant-Per-Diem
[2026-07-26T09:38:15.418Z] ADDED: All Med Search | Dialysis Registered Nurses | Relocate to the USA | TN Visa Support | Calgary,  
               Alberta,  
               Canada | https://visasponsor.jobs/api/jobs/66adc5cb72294f3aa16446a1df008350/Dialysis-Registered-Nurses-Relocate-to-the-USA-TN-Visa-Support
[2026-07-26T09:38:15.418Z] ADDED: University of Washington | Assistant Professor without tenure, Department of Pediatrics, Division of General Pediatrics | Seattle,  
               Washington,  
               United States | https://visasponsor.jobs/api/jobs/0cb4b569591a4b84b8e96c4f1b4b3041/Assistant-Professor-without-tenure-Department-of-Pediatrics-Division-of-General-Pediatrics
[2026-07-26T09:38:15.418Z] ADDED: Wave Group | Senior Data Scientist (Forecasting) | London,  
               England,  
               United Kingdom | https://visasponsor.jobs/api/jobs/fd7005a7b932426f8921a7f451e8db18/Senior-Data-Scientist-(Forecasting)
[2026-07-27T11:22:50.008Z] ADDED: hellofresh | Senior Manager, Global Price & Discount Strategy | Berlin | https://www.arbeitnow.com/jobs/companies/hellofresh/senior-manager-global-price-discount-strategy-berlin-376787
[2026-07-27T11:22:50.008Z] ADDED: hellofresh | Senior GRC Analyst (m,f,x) | Berlin | https://www.arbeitnow.com/jobs/companies/hellofresh/senior-grc-analyst-mfx-berlin-180017
[2026-07-27T11:22:50.008Z] ADDED: English 1 | Teach English : Entry-Level ESL Teacher | Leicester,  
               England,  
               United Kingdom | https://visasponsor.jobs/api/jobs/cf5f38073aa542eeb2976a90fa4ecd91/Teach-English-:-Entry-Level-ESL-Teacher
[2026-07-27T11:22:50.008Z] ADDED: N26 | Team Lead Non-Financial Risk and Internal Controls | Berlin,  
               Germany | https://visasponsor.jobs/api/jobs/dca837de411c412892ff6cfb4346da6c/Team-Lead-Non-Financial-Risk-and-Internal-Controls
[2026-07-27T11:22:50.008Z] ADDED: HealthcareLink Support | Community-Based Speech Pathologist - Visa Sponsorship Available | Adelaide,  
               South australia,  
               Australia | https://visasponsor.jobs/api/jobs/5aabefa602e94522bc06ef2dd8983a8f/Community-Based-Speech-Pathologist-Visa-Sponsorship-Available
[2026-07-27T11:22:50.008Z] ADDED: Workforce Australia | Registered Nurse - Emergency Department (ED) | Visa Sponsorship Available | Sydney,  
               New south wales,  
               Australia | https://visasponsor.jobs/api/jobs/71add359130e4c06912086755d746b0d/Registered-Nurse-Emergency-Department-(ED)-Visa-Sponsorship-Available
[2026-07-28T10:17:10.356Z] ADDED: sumup | Senior Backend Engineer (Golang) | Vilnius, Lithuania | https://www.arbeitnow.co.uk/jobs/companies/sumup/senior-backend-engineer-golang-vilnius-lithuania-443469
[2026-07-28T10:17:10.356Z] ADDED: sumup | Senior Backend Engineer- Global Bank | Sofia, Bulgaria | https://www.arbeitnow.co.uk/jobs/companies/sumup/senior-backend-engineer-global-bank-sofia-bulgaria-138769
[2026-07-28T10:17:10.356Z] ADDED: sumup | Senior Backend Engineer - Cards | Berlin, Germany | https://www.arbeitnow.co.uk/jobs/companies/sumup/senior-backend-engineer-cards-berlin-germany-217561
[2026-07-28T10:17:10.356Z] ADDED: Wispr Flow | Platform Engineer, Billing Systems | San francisco,  
               California,  
               United States | https://visasponsor.jobs/api/jobs/6e18af7b8a4f47918a5ccded4e793992/Platform-Engineer-Billing-Systems
[2026-07-29T10:46:50.275Z] ADDED: SumUp | iOS Engineer - Mobile Platform | Cologne, North Rhine-Westphalia, Germany | https://www.arbeitnow.com/jobs/companies/sumup/ios-engineer-mobile-platform-cologne-75181
[2026-07-29T10:46:50.275Z] ADDED: sumup | Senior Backend Engineer - Commercial Systems and Intelligence | Berlin | https://www.arbeitnow.com/jobs/companies/sumup/senior-backend-engineer-commercial-systems-and-intelligence-berlin-204665
[2026-07-29T10:46:50.275Z] ADDED: Catawiki | Senior Data Scientist - Machine Learning | Portugal | https://relocate.me/portugal/lisbon/catawiki/senior-data-scientist-machine-learning-10277
[2026-07-29T10:46:50.275Z] ADDED: Catawiki | Senior Product Manager - Demand | Netherlands | https://relocate.me/netherlands/amsterdam/catawiki/senior-product-manager-demand-10278
[2026-07-30T10:36:53.850Z] ADDED: sumup | Senior Talent Acquisition Partner | London | https://www.arbeitnow.co.uk/jobs/companies/sumup/senior-talent-acquisition-partner-london-397641
[2026-07-30T10:36:53.850Z] ADDED: Spotify | Fullstack Engineer - Subscriptions | London | https://www.arbeitnow.co.uk/jobs/companies/spotify/fullstack-engineer-subscriptions-london-229822
[2026-07-30T10:36:53.850Z] ADDED: N26 | Site Reliability Engineer - Observability | Berlin,  
               Germany | https://visasponsor.jobs/api/jobs/00200bc5f6134c239cb4447e1f1bf40c/Site-Reliability-Engineer-Observability
[2026-07-31T10:52:25.853Z] ADDED: hellofresh | Senior Lifecycle Marketing Manager (all genders) | Berlin | https://www.arbeitnow.com/jobs/companies/hellofresh/senior-lifecycle-marketing-manager-all-genders-berlin-252615
[2026-07-31T10:52:25.853Z] ADDED: Stripe | Account Executive, Bridge | London | https://www.arbeitnow.co.uk/jobs/companies/stripe/account-executive-bridge-london-209229
[2026-07-31T10:52:25.853Z] ADDED: Naija UK Connect Limited | Nursery Assistant Visa Sponsorship Available | Kingston upon hull,  
               England,  
               United Kingdom | https://visasponsor.jobs/api/jobs/6ba3573031fb44c0b63c342858f2f5d0/Nursery-Assistant-Visa-Sponsorship-Available
[2026-08-01T10:12:28.697Z] ADDED: Datadog | Partner Solutions Architect (Pan-EMEA GSI) | Lisbon, Portugal | https://www.arbeitnow.co.uk/jobs/companies/datadog/partner-solutions-architect-pan-emea-gsi-lisbon-portugal-192493
[2026-08-01T10:12:28.697Z] ADDED: AML RightSource | Experienced AML Investigator - Financial Crimes (Hybrid) | Highland,  
               California,  
               United States | https://visasponsor.jobs/api/jobs/e63151b3818e4e53ad9f6ca309205a02/Experienced-AML-Investigator-Financial-Crimes-(Hybrid)
[2026-08-03T11:53:45.128Z] ADDED: Augustus | (Senior) Software Engineer | Berlin | https://www.arbeitnow.com/jobs/companies/augustus/senior-software-engineer-berlin-102253
[2026-08-03T11:53:45.128Z] ADDED: Augustus | (Senior) DevOps Engineer | Berlin | https://www.arbeitnow.com/jobs/companies/augustus/senior-devops-engineer-berlin-411573
[2026-08-03T11:53:45.128Z] ADDED: Augustus | Internship | Berlin | https://www.arbeitnow.com/jobs/companies/augustus/internship-berlin-64787
[2026-08-03T11:53:45.128Z] ADDED: Augustus | Growth Associate | Berlin | https://www.arbeitnow.com/jobs/companies/augustus/growth-associate-berlin-278224
[2026-08-03T11:53:45.128Z] ADDED: Augustus | Office & Events Working Student | Berlin | https://www.arbeitnow.com/jobs/companies/augustus/office-events-working-student-berlin-258568
[2026-08-03T11:53:45.128Z] ADDED: JustPlay GmbH | Executive & Accounting Assistant (all genders) | Munich (Hybrid) | https://www.arbeitnow.com/jobs/companies/justplay-gmbh/executive-accounting-assistant-all-genders-munich-318095
[2026-08-03T11:53:45.128Z] ADDED: JustPlay GmbH | Senior UX/UI Designer (all genders) | Berlin (Hybrid) | https://www.arbeitnow.com/jobs/companies/justplay-gmbh/senior-ux-ui-designer-all-genders-berlin-84776
[2026-08-03T11:53:45.128Z] ADDED: JustPlay GmbH | Lead UX/UI Designer (all genders) | Berlin (Hybrid) | https://www.arbeitnow.com/jobs/companies/justplay-gmbh/lead-ux-ui-designer-all-genders-berlin-400541
[2026-08-03T11:53:45.128Z] ADDED: JustPlay GmbH | Employer Branding Manager (all genders) | Berlin (Hybrid) | https://www.arbeitnow.com/jobs/companies/justplay-gmbh/employer-branding-manager-all-genders-berlin-402629
[2026-08-03T11:53:45.128Z] ADDED: JustPlay GmbH | Developer Experience Engineer (all genders) | Berlin (Hybrid) | https://www.arbeitnow.com/jobs/companies/justplay-gmbh/developer-experience-engineer-all-genders-berlin-90492
[2026-08-03T11:53:45.128Z] ADDED: JustPlay GmbH | Senior Data Scientist (all genders) | Berlin (Hybrid) | https://www.arbeitnow.com/jobs/companies/justplay-gmbh/senior-data-scientist-all-genders-berlin-146373
[2026-08-03T11:53:45.128Z] ADDED: Clera | Founding Engineer | Berlin | https://www.arbeitnow.com/jobs/companies/clera/founding-engineer-berlin-212944
[2026-08-03T11:53:45.128Z] ADDED: N26 | Senior Manager of Regulatory Project Management | Berlin,  
               Germany | https://visasponsor.jobs/api/jobs/029bcd7e9b3b4346bbcbd4e1689bbc42/Senior-Manager-of-Regulatory-Project-Management
[2026-08-04T10:41:19.346Z] ADDED: Taktile | Senior Technical Recruiter | Berlin Office | https://www.arbeitnow.com/jobs/companies/taktile/senior-technical-recruiter-berlin-339549
[2026-08-05T10:49:53.419Z] ADDED: Secfix | Senior Product Designer | Remote-Europe | https://www.arbeitnow.com/jobs/companies/secfix/senior-product-designer-berlin-51713
[2026-08-05T10:49:53.419Z] ADDED: Techwaka | Clinical Negligence Associate (Visa Sponsorship Available | Liverpool,  
               England,  
               United Kingdom | https://visasponsor.jobs/api/jobs/a219c8e3072d4c28a2f29c207df058d7/Clinical-Negligence-Associate-(Visa-Sponsorship-Available
